[    0.000000] Linux version 4.15.0-163-generic (buildd@lcy01-amd64-021) (gcc version 7.5.0 (Ubuntu 7.5.0-3ubuntu1~18.04)) #171-Ubuntu SMP Fri Nov 5 11:55:11 UTC 2021 (Ubuntu 4.15.0-163.171-generic 4.15.18)
[    0.000000] Command line: BOOT_IMAGE=/boot/vmlinuz-4.15.0-163-generic root=LABEL=cloudimg-rootfs ro console=tty1 console=ttyS0
[    0.000000] KERNEL supported cpus:
[    0.000000]   Intel GenuineIntel
[    0.000000]   AMD AuthenticAMD
[    0.000000]   Centaur CentaurHauls
[    0.000000] [Firmware Bug]: TSC doesn't count with P0 frequency!
[    0.000000] x86/fpu: Supporting XSAVE feature 0x001: 'x87 floating point registers'
[    0.000000] x86/fpu: Supporting XSAVE feature 0x002: 'SSE registers'
[    0.000000] x86/fpu: Supporting XSAVE feature 0x004: 'AVX registers'
[    0.000000] x86/fpu: xstate_offset[2]:  576, xstate_sizes[2]:  256
[    0.000000] x86/fpu: Enabled xstate features 0x7, context size is 832 bytes, using 'standard' format.
[    0.000000] e820: BIOS-provided physical RAM map:
[    0.000000] BIOS-e820: [mem 0x0000000000000000-0x000000000009fbff] usable
[    0.000000] BIOS-e820: [mem 0x000000000009fc00-0x000000000009ffff] reserved
[    0.000000] BIOS-e820: [mem 0x00000000000f0000-0x00000000000fffff] reserved
[    0.000000] BIOS-e820: [mem 0x0000000000100000-0x000000003e7effff] usable
[    0.000000] BIOS-e820: [mem 0x000000003e7f0000-0x000000003e7fffff] ACPI data
[    0.000000] BIOS-e820: [mem 0x00000000fec00000-0x00000000fec00fff] reserved
[    0.000000] BIOS-e820: [mem 0x00000000fee00000-0x00000000fee00fff] reserved
[    0.000000] BIOS-e820: [mem 0x00000000fffc0000-0x00000000ffffffff] reserved
[    0.000000] NX (Execute Disable) protection: active
[    0.000000] SMBIOS 2.5 present.
[    0.000000] DMI: innotek GmbH VirtualBox/VirtualBox, BIOS VirtualBox 12/01/2006
[    0.000000] Hypervisor detected: KVM
[    0.000000] e820: last_pfn = 0x3e7f0 max_arch_pfn = 0x400000000
[    0.000000] MTRR: Disabled
[    0.000000] x86/PAT: MTRRs disabled, skipping PAT initialization too.
[    0.000000] CPU MTRRs all blank - virtualized system.
[    0.000000] x86/PAT: Configuration [0-7]: WB  WT  UC- UC  WB  WT  UC- UC  
[    0.000000] found SMP MP-table at [mem 0x0009fff0-0x0009ffff]
[    0.000000] Scanning 1 areas for low memory corruption
[    0.000000] RAMDISK: [mem 0x359cd000-0x36cddfff]
[    0.000000] ACPI: Early table checksum verification disabled
[    0.000000] ACPI: RSDP 0x00000000000E0000 000024 (v02 VBOX  )
[    0.000000] ACPI: XSDT 0x000000003E7F0030 00003C (v01 VBOX   VBOXXSDT 00000001 ASL  00000061)
[    0.000000] ACPI: FACP 0x000000003E7F00F0 0000F4 (v04 VBOX   VBOXFACP 00000001 ASL  00000061)
[    0.000000] ACPI: DSDT 0x000000003E7F0470 002325 (v02 VBOX   VBOXBIOS 00000002 INTL 20210930)
[    0.000000] ACPI: FACS 0x000000003E7F0200 000040
[    0.000000] ACPI: FACS 0x000000003E7F0200 000040
[    0.000000] ACPI: APIC 0x000000003E7F0240 000054 (v02 VBOX   VBOXAPIC 00000001 ASL  00000061)
[    0.000000] ACPI: SSDT 0x000000003E7F02A0 0001CC (v01 VBOX   VBOXCPUT 00000002 INTL 20210930)
[    0.000000] ACPI: Reserving FACP table memory at [mem 0x3e7f00f0-0x3e7f01e3]
[    0.000000] ACPI: Reserving DSDT table memory at [mem 0x3e7f0470-0x3e7f2794]
[    0.000000] ACPI: Reserving FACS table memory at [mem 0x3e7f0200-0x3e7f023f]
[    0.000000] ACPI: Reserving FACS table memory at [mem 0x3e7f0200-0x3e7f023f]
[    0.000000] ACPI: Reserving APIC table memory at [mem 0x3e7f0240-0x3e7f0293]
[    0.000000] ACPI: Reserving SSDT table memory at [mem 0x3e7f02a0-0x3e7f046b]
[    0.000000] No NUMA configuration found
[    0.000000] Faking a node at [mem 0x0000000000000000-0x000000003e7effff]
[    0.000000] NODE_DATA(0) allocated [mem 0x3e7c5000-0x3e7effff]
[    0.000000] kvm-clock: cpu 0, msr 0:3e744001, primary cpu clock
[    0.000000] kvm-clock: Using msrs 4b564d01 and 4b564d00
[    0.000000] kvm-clock: using sched offset of 2943207395 cycles
[    0.000000] clocksource: kvm-clock: mask: 0xffffffffffffffff max_cycles: 0x1cd42e4dffb, max_idle_ns: 881590591483 ns
[    0.000000] Zone ranges:
[    0.000000]   DMA      [mem 0x0000000000001000-0x0000000000ffffff]
[    0.000000]   DMA32    [mem 0x0000000001000000-0x000000003e7effff]
[    0.000000]   Normal   empty
[    0.000000]   Device   empty
[    0.000000] Movable zone start for each node
[    0.000000] Early memory node ranges
[    0.000000]   node   0: [mem 0x0000000000001000-0x000000000009efff]
[    0.000000]   node   0: [mem 0x0000000000100000-0x000000003e7effff]
[    0.000000] Reserved but unavailable: 104 pages
[    0.000000] Initmem setup node 0 [mem 0x0000000000001000-0x000000003e7effff]
[    0.000000] ACPI: PM-Timer IO Port: 0x4008
[    0.000000] IOAPIC[0]: apic_id 1, version 32, address 0xfec00000, GSI 0-23
[    0.000000] ACPI: INT_SRC_OVR (bus 0 bus_irq 0 global_irq 2 dfl dfl)
[    0.000000] ACPI: INT_SRC_OVR (bus 0 bus_irq 9 global_irq 9 low level)
[    0.000000] Using ACPI (MADT) for SMP configuration information
[    0.000000] smpboot: Allowing 1 CPUs, 0 hotplug CPUs
[    0.000000] PM: Registered nosave memory: [mem 0x00000000-0x00000fff]
[    0.000000] PM: Registered nosave memory: [mem 0x0009f000-0x0009ffff]
[    0.000000] PM: Registered nosave memory: [mem 0x000a0000-0x000effff]
[    0.000000] PM: Registered nosave memory: [mem 0x000f0000-0x000fffff]
[    0.000000] e820: [mem 0x3e800000-0xfebfffff] available for PCI devices
[    0.000000] Booting paravirtualized kernel on KVM
[    0.000000] clocksource: refined-jiffies: mask: 0xffffffff max_cycles: 0xffffffff, max_idle_ns: 7645519600211568 ns
[    0.000000] random: get_random_bytes called from start_kernel+0x99/0x500 with crng_init=0
[    0.000000] setup_percpu: NR_CPUS:8192 nr_cpumask_bits:1 nr_cpu_ids:1 nr_node_ids:1
[    0.000000] percpu: Embedded 45 pages/cpu s147456 r8192 d28672 u2097152
[    0.000000] PV qspinlock hash table entries: 256 (order: 0, 4096 bytes)
[    0.000000] Built 1 zonelists, mobility grouping on.  Total pages: 251865
[    0.000000] Policy zone: DMA32
[    0.000000] Kernel command line: BOOT_IMAGE=/boot/vmlinuz-4.15.0-163-generic root=LABEL=cloudimg-rootfs ro console=tty1 console=ttyS0
[    0.000000] Memory: 958316K/1023544K available (12300K kernel code, 2483K rwdata, 4320K rodata, 2448K init, 2724K bss, 65228K reserved, 0K cma-reserved)
[    0.000000] SLUB: HWalign=64, Order=0-3, MinObjects=0, CPUs=1, Nodes=1
[    0.000000] ftrace: allocating 39476 entries in 155 pages
[    0.004000] Hierarchical RCU implementation.
[    0.004000] 	RCU restricting CPUs from NR_CPUS=8192 to nr_cpu_ids=1.
[    0.004000] 	Tasks RCU enabled.
[    0.004000] RCU: Adjusting geometry for rcu_fanout_leaf=16, nr_cpu_ids=1
[    0.004000] NR_IRQS: 524544, nr_irqs: 256, preallocated irqs: 16
[    0.004000] Console: colour VGA+ 80x25
[    0.004000] console [tty1] enabled
[    0.004000] console [ttyS0] enabled
[    0.004000] ACPI: Core revision 20170831
[    0.004000] ACPI: 2 ACPI AML tables successfully acquired and loaded
[    0.004000] APIC: Switch to symmetric I/O mode setup
[    0.004000] x2apic enabled
[    0.004000] Switched APIC routing to physical x2apic.
[    0.004000] ..TIMER: vector=0x30 apic1=0 pin1=2 apic2=-1 pin2=-1
[    0.004000] tsc: Detected 3593.248 MHz processor
[    0.004000] Calibrating delay loop (skipped) preset value.. 7186.49 BogoMIPS (lpj=14372992)
[    0.004000] pid_max: default: 32768 minimum: 301
[    0.004026] Security Framework initialized
[    0.004418] Yama: becoming mindful.
[    0.004762] AppArmor: AppArmor initialized
[    0.005753] Dentry cache hash table entries: 131072 (order: 8, 1048576 bytes)
[    0.006387] Inode-cache hash table entries: 65536 (order: 7, 524288 bytes)
[    0.006966] Mount-cache hash table entries: 2048 (order: 2, 16384 bytes)
[    0.007524] Mountpoint-cache hash table entries: 2048 (order: 2, 16384 bytes)
[    0.008220] CPU0: Hyper-Threading is disabled
[    0.008629] Last level iTLB entries: 4KB 1024, 2MB 1024, 4MB 512
[    0.009132] Last level dTLB entries: 4KB 2048, 2MB 2048, 4MB 1024, 1GB 0
[    0.009669] Spectre V1 : Mitigation: usercopy/swapgs barriers and __user pointer sanitization
[    0.010371] Spectre V2 : Spectre mitigation: LFENCE not serializing, switching to generic retpoline
[    0.011115] Spectre V2 : Mitigation: Full generic retpoline
[    0.011585] Spectre V2 : Spectre v2 / SpectreRSB mitigation: Filling RSB on context switch
[    0.012002] Speculative Store Bypass: Mitigation: Speculative Store Bypass disabled via prctl and seccomp
[    0.016000] Freeing SMP alternatives memory: 36K
[    0.126717] smpboot: CPU0: AMD Ryzen 5 3600 6-Core Processor (family: 0x17, model: 0x71, stepping: 0x0)
[    0.127614] Performance Events: PMU not available due to virtualization, using software events only.
[    0.128000] Hierarchical SRCU implementation.
[    0.128000] NMI watchdog: Perf event create on CPU 0 failed with -2
[    0.128000] NMI watchdog: Perf NMI watchdog permanently disabled
[    0.128000] smp: Bringing up secondary CPUs ...
[    0.128003] smp: Brought up 1 node, 1 CPU
[    0.128374] smpboot: Max logical packages: 1
[    0.128748] smpboot: Total of 1 processors activated (7186.49 BogoMIPS)
[    0.129390] devtmpfs: initialized
[    0.129740] x86/mm: Memory block size: 128MB
[    0.130212] evm: security.selinux
[    0.130523] evm: security.SMACK64
[    0.130832] evm: security.SMACK64EXEC
[    0.131167] evm: security.SMACK64TRANSMUTE
[    0.131541] evm: security.SMACK64MMAP
[    0.132003] evm: security.apparmor
[    0.132319] evm: security.ima
[    0.132605] evm: security.capability
[    0.133000] clocksource: jiffies: mask: 0xffffffff max_cycles: 0xffffffff, max_idle_ns: 7645041785100000 ns
[    0.133781] futex hash table entries: 256 (order: 2, 16384 bytes)
[    0.134310] pinctrl core: initialized pinctrl subsystem
[    0.134820] RTC time: 18:49:34, date: 02/07/22
[    0.135307] NET: Registered protocol family 16
[    0.135756] audit: initializing netlink subsys (disabled)
[    0.136088] cpuidle: using governor ladder
[    0.136466] cpuidle: using governor menu
[    0.136976] ACPI: bus type PCI registered
[    0.137343] acpiphp: ACPI Hot Plug PCI Controller Driver version: 0.5
[    0.137936] PCI: Using configuration type 1 for base access
[    0.138427] PCI: Using configuration type 1 for extended access
[    0.138931] audit: type=2000 audit(1644259779.054:1): state=initialized audit_enabled=0 res=1
[    0.140000] HugeTLB registered 2.00 MiB page size, pre-allocated 0 pages
[    0.140727] ACPI: Added _OSI(Module Device)
[    0.141111] ACPI: Added _OSI(Processor Device)
[    0.141507] ACPI: Added _OSI(3.0 _SCP Extensions)
[    0.141917] ACPI: Added _OSI(Processor Aggregator Device)
[    0.142385] ACPI: Added _OSI(Linux-Dell-Video)
[    0.144007] ACPI: Added _OSI(Linux-Lenovo-NV-HDMI-Audio)
[    0.144456] ACPI: Added _OSI(Linux-HPI-Hybrid-Graphics)
[    0.145047] ACPI: Executed 1 blocks of module-level executable AML code
[    0.147655] ACPI: Interpreter enabled
[    0.148022] ACPI: (supports S0 S5)
[    0.148355] ACPI: Using IOAPIC for interrupt routing
[    0.148953] PCI: Using host bridge windows from ACPI; if necessary, use "pci=nocrs" and report a bug
[    0.149794] ACPI: Enabled 2 GPEs in block 00 to 07
[    0.152975] ACPI: PCI Root Bridge [PCI0] (domain 0000 [bus 00-ff])
[    0.153504] acpi PNP0A03:00: _OSC: OS supports [ExtendedConfig ASPM ClockPM Segments MSI]
[    0.154875] acpi PNP0A03:00: _OSC: platform does not support [PCIeCapability]
[    0.156328] acpi PNP0A03:00: _OSC: not requesting control; platform does not support [PCIeCapability]
[    0.157082] acpi PNP0A03:00: _OSC: OS requested [PCIeHotplug PME AER PCIeCapability]
[    0.157715] acpi PNP0A03:00: _OSC: platform willing to grant [PCIeHotplug PME AER]
[    0.158636] acpi PNP0A03:00: _OSC failed (AE_SUPPORT); disabling ASPM
[    0.159375] PCI host bridge to bus 0000:00
[    0.159749] pci_bus 0000:00: root bus resource [io  0x0000-0x0cf7 window]
[    0.160002] pci_bus 0000:00: root bus resource [io  0x0d00-0xffff window]
[    0.160555] pci_bus 0000:00: root bus resource [mem 0x000a0000-0x000bffff window]
[    0.161184] pci_bus 0000:00: root bus resource [mem 0x3e800000-0xfdffffff window]
[    0.161829] pci_bus 0000:00: root bus resource [bus 00-ff]
[    0.163051] pci 0000:00:01.1: legacy IDE quirk: reg 0x10: [io  0x01f0-0x01f7]
[    0.164002] pci 0000:00:01.1: legacy IDE quirk: reg 0x14: [io  0x03f6]
[    0.164526] pci 0000:00:01.1: legacy IDE quirk: reg 0x18: [io  0x0170-0x0177]
[    0.165432] pci 0000:00:01.1: legacy IDE quirk: reg 0x1c: [io  0x0376]
[    0.173313] pci 0000:00:07.0: quirk: [io  0x4000-0x403f] claimed by PIIX4 ACPI
[    0.173849] pci 0000:00:07.0: quirk: [io  0x4100-0x410f] claimed by PIIX4 SMB
[    0.177383] ACPI: PCI Interrupt Link [LNKA] (IRQs 5 9 10 *11)
[    0.177996] ACPI: PCI Interrupt Link [LNKB] (IRQs 5 9 *10 11)
[    0.178480] ACPI: PCI Interrupt Link [LNKC] (IRQs 5 *9 10 11)
[    0.178997] ACPI: PCI Interrupt Link [LNKD] (IRQs 5 9 10 *11)
[    0.179685] SCSI subsystem initialized
[    0.180000] pci 0000:00:02.0: vgaarb: setting as boot VGA device
[    0.180000] pci 0000:00:02.0: vgaarb: VGA device added: decodes=io+mem,owns=io+mem,locks=none
[    0.180002] pci 0000:00:02.0: vgaarb: bridge control possible
[    0.180394] vgaarb: loaded
[    0.180614] ACPI: bus type USB registered
[    0.180904] usbcore: registered new interface driver usbfs
[    0.181268] usbcore: registered new interface driver hub
[    0.181657] usbcore: registered new device driver usb
[    0.182107] EDAC MC: Ver: 3.0.0
[    0.182576] PCI: Using ACPI for IRQ routing
[    0.184176] NetLabel: Initializing
[    0.184503] NetLabel:  domain hash size = 128
[    0.184820] NetLabel:  protocols = UNLABELED CIPSOv4 CALIPSO
[    0.185224] NetLabel:  unlabeled traffic allowed by default
[    0.185690] clocksource: Switched to clocksource kvm-clock
[    0.193512] VFS: Disk quotas dquot_6.6.0
[    0.193867] VFS: Dquot-cache hash table entries: 512 (order 0, 4096 bytes)
[    0.194399] AppArmor: AppArmor Filesystem Enabled
[    0.194757] pnp: PnP ACPI init
[    0.195588] pnp: PnP ACPI: found 3 devices
[    0.201072] clocksource: acpi_pm: mask: 0xffffff max_cycles: 0xffffff, max_idle_ns: 2085701024 ns
[    0.201838] NET: Registered protocol family 2
[    0.202226] IP idents hash table entries: 16384 (order: 5, 131072 bytes)
[    0.202936] TCP established hash table entries: 8192 (order: 4, 65536 bytes)
[    0.203567] TCP bind hash table entries: 8192 (order: 5, 131072 bytes)
[    0.204113] TCP: Hash tables configured (established 8192 bind 8192)
[    0.204574] UDP hash table entries: 512 (order: 2, 16384 bytes)
[    0.205001] UDP-Lite hash table entries: 512 (order: 2, 16384 bytes)
[    0.205472] NET: Registered protocol family 1
[    0.205833] pci 0000:00:00.0: Limiting direct PCI/PCI transfers
[    0.206271] pci 0000:00:01.0: Activating ISA DMA hang workarounds
[    0.206723] pci 0000:00:02.0: Video device with shadowed ROM at [mem 0x000c0000-0x000dffff]
[    0.207455] Unpacking initramfs...
[    0.434657] Freeing initrd memory: 19524K
[    0.435096] clocksource: tsc: mask: 0xffffffffffffffff max_cycles: 0x33cb68e6ea4, max_idle_ns: 440795288133 ns
[    0.435803] platform rtc_cmos: registered platform RTC device (no PNP device found)
[    0.436380] Scanning for low memory corruption every 60 seconds
[    0.437327] Initialise system trusted keyrings
[    0.437663] Key type blacklist registered
[    0.437983] workingset: timestamp_bits=36 max_order=18 bucket_order=0
[    0.439045] zbud: loaded
[    0.439575] squashfs: version 4.0 (2009/01/31) Phillip Lougher
[    0.440054] fuse init (API version 7.26)
[    0.440844] Key type asymmetric registered
[    0.441153] Asymmetric key parser 'x509' registered
[    0.441505] Block layer SCSI generic (bsg) driver version 0.4 loaded (major 246)
[    0.442209] io scheduler noop registered
[    0.442506] io scheduler deadline registered
[    0.442840] io scheduler cfq registered (default)
[    0.443314] ACPI: AC Adapter [AC] (on-line)
[    0.443655] input: Power Button as /devices/LNXSYSTM:00/LNXPWRBN:00/input/input0
[    0.444209] ACPI: Power Button [PWRF]
[    0.444504] input: Sleep Button as /devices/LNXSYSTM:00/LNXSLPBN:00/input/input1
[    0.445021] ACPI: Sleep Button [SLPF]
[    0.445745] virtio-pci 0000:00:03.0: virtio_pci: leaving for legacy driver
[    0.446587] virtio-pci 0000:00:08.0: virtio_pci: leaving for legacy driver
[    0.447135] Serial: 8250/16550 driver, 32 ports, IRQ sharing enabled
[    0.468013] 00:02: ttyS0 at I/O 0x3f8 (irq = 4, base_baud = 115200) is a 16550A
[    0.469504] Linux agpgart interface v0.103
[    0.470835] loop: module loaded
[    0.471574] scsi host0: ata_piix
[    0.472006] scsi host1: ata_piix
[    0.472424] ata1: PATA max UDMA/33 cmd 0x1f0 ctl 0x3f6 bmdma 0xd000 irq 14
[    0.473137] ata2: PATA max UDMA/33 cmd 0x170 ctl 0x376 bmdma 0xd008 irq 15
[    0.474065] libphy: Fixed MDIO Bus: probed
[    0.474519] tun: Universal TUN/TAP device driver, 1.6
[    0.474900] PPP generic driver version 2.4.2
[    0.475233] ehci_hcd: USB 2.0 'Enhanced' Host Controller (EHCI) Driver
[    0.475681] ehci-pci: EHCI PCI platform driver
[    0.475999] ehci-platform: EHCI generic platform driver
[    0.476370] ohci_hcd: USB 1.1 'Open' Host Controller (OHCI) Driver
[    0.476773] ohci-pci: OHCI PCI platform driver
[    0.477092] ohci-platform: OHCI generic platform driver
[    0.477444] uhci_hcd: USB Universal Host Controller Interface driver
[    0.477917] i8042: PNP: PS/2 Controller [PNP0303:PS2K,PNP0f03:PS2M] at 0x60,0x64 irq 1,12
[    0.478790] serio: i8042 KBD port at 0x60,0x64 irq 1
[    0.479293] serio: i8042 AUX port at 0x60,0x64 irq 12
[    0.479717] mousedev: PS/2 mouse device common for all mice
[    0.480261] input: AT Translated Set 2 keyboard as /devices/platform/i8042/serio0/input/input2
[    0.481065] rtc_cmos rtc_cmos: rtc core: registered rtc_cmos as rtc0
[    0.481562] rtc_cmos rtc_cmos: alarms up to one day, 114 bytes nvram
[    0.482050] i2c /dev entries driver
[    0.482481] device-mapper: uevent: version 1.0.3
[    0.482964] device-mapper: ioctl: 4.37.0-ioctl (2017-09-20) initialised: dm-devel@redhat.com
[    0.483655] ledtrig-cpu: registered to indicate activity on CPUs
[    0.484439] NET: Registered protocol family 10
[    0.486435] Segment Routing with IPv6
[    0.486755] NET: Registered protocol family 17
[    0.487202] Key type dns_resolver registered
[    0.487631] mce: Using 0 MCE banks
[    0.487928] RAS: Correctable Errors collector initialized.
[    0.488376] sched_clock: Marking stable (488359114, 0)->(575697959, -87338845)
[    0.488954] registered taskstats version 1
[    0.489267] Loading compiled-in X.509 certificates
[    0.490673] Loaded X.509 cert 'Build time autogenerated kernel key: f60a4c8d126e94dbf36c5faa43fb49029eeea9a9'
[    0.491708] Loaded X.509 cert 'Canonical Ltd. Live Patch Signing: 14df34d1a87cf37625abec039ef2bf521249b969'
[    0.492709] Loaded X.509 cert 'Canonical Ltd. Kernel Module Signing: 88f752e560a1e0737e31163a466ad7b70a850c19'
[    0.493408] zswap: loaded using pool lzo/zbud
[    0.495126] Key type big_key registered
[    0.495408] Key type trusted registered
[    0.496507] Key type encrypted registered
[    0.496827] AppArmor: AppArmor sha1 policy hashing enabled
[    0.497224] ima: No TPM chip found, activating TPM-bypass! (rc=-19)
[    0.497640] ima: Allocated hash algorithm: sha1
[    0.497974] evm: HMAC attrs: 0x1
[    0.498361]   Magic number: 10:198:847
[    0.498707] rtc_cmos rtc_cmos: setting system clock to 2022-02-07 18:49:34 UTC (1644259774)
[    0.499317] BIOS EDD facility v0.16 2004-Jun-25, 0 devices found
[    0.499719] EDD information not available.
[    0.655964] Freeing unused kernel image memory: 2448K
[    0.664015] Write protecting the kernel read-only data: 20480k
[    0.664857] Freeing unused kernel image memory: 2008K
[    0.665458] Freeing unused kernel image memory: 1824K
[    0.672132] x86/mm: Checked W+X mappings: passed, no W+X pages found.
Loading, please wait...
starting version 237
[    0.739413] Fusion MPT base driver 3.04.20
[    0.739783] Copyright (c) 1999-2008 LSI Corporation
[    0.742210] Fusion MPT SPI Host driver 3.04.20
[    0.757622] AVX2 version of gcm_enc/dec engaged.
[    0.758012] AES CTR mode by8 optimization enabled
[    0.765105] mptbase: ioc0: Initiating bringup
[    0.778097] virtio_net virtio0 enp0s3: renamed from eth0
[    0.779177] virtio_net virtio1 enp0s8: renamed from eth1
[    0.860140] ioc0: LSI53C1030 A0: Capabilities={Initiator}
[    0.948865] input: ImExPS/2 Generic Explorer Mouse as /devices/platform/i8042/serio1/input/input4
[    1.100745] scsi host2: ioc0: LSI53C1030 A0, FwRev=00000000h, Ports=1, MaxQ=256, IRQ=20
[    1.268257] scsi 2:0:0:0: Direct-Access     VBOX     HARDDISK         1.0  PQ: 0 ANSI: 5
[    1.268895] scsi target2:0:0: Beginning Domain Validation
[    1.269884] scsi target2:0:0: Domain Validation skipping write tests
[    1.270349] scsi target2:0:0: Ending Domain Validation
[    1.270817] scsi target2:0:0: asynchronous
[    1.271366] scsi 2:0:1:0: Direct-Access     VBOX     HARDDISK         1.0  PQ: 0 ANSI: 5
[    1.271966] scsi target2:0:1: Beginning Domain Validation
[    1.272372] random: fast init done
[    1.272935] scsi target2:0:1: Domain Validation skipping write tests
[    1.273406] scsi target2:0:1: Ending Domain Validation
[    1.274003] scsi target2:0:1: asynchronous
[    1.276036] random: systemd-udevd: uninitialized urandom read (16 bytes read)
[    1.276873] random: systemd-udevd: uninitialized urandom read (16 bytes read)
[    1.277352] random: systemd-udevd: uninitialized urandom read (16 bytes read)
[    1.278042] sd 2:0:0:0: [sda] 83886080 512-byte logical blocks: (42.9 GB/40.0 GiB)
[    1.278602] sd 2:0:0:0: [sda] Write Protect is off
[    1.278994] sd 2:0:0:0: [sda] Incomplete mode parameter data
[    1.279397] sd 2:0:0:0: [sda] Assuming drive cache: write through
[    1.280340] sd 2:0:0:0: Attached scsi generic sg0 type 0
[    1.280742]  sda: sda1
[    1.281325] sd 2:0:0:0: [sda] Attached SCSI disk
[    1.282006] sd 2:0:1:0: [sdb] 20480 512-byte logical blocks: (10.5 MB/10.0 MiB)
[    1.282609] sd 2:0:1:0: [sdb] Write Protect is off
[    1.282968] sd 2:0:1:0: Attached scsi generic sg1 type 0
[    1.283514] sd 2:0:1:0: [sdb] Incomplete mode parameter data
[    1.284011] sd 2:0:1:0: [sdb] Assuming drive cache: write through
[    1.285653] sd 2:0:1:0: [sdb] Attached SCSI disk
Begin: Loading essential drivers ... [    2.616040] raid6: sse2x1   gen()  7760 MB/s
[    2.664020] raid6: sse2x1   xor()  7816 MB/s
[    2.712109] raid6: sse2x2   gen() 15858 MB/s
[    2.760151] raid6: sse2x2   xor() 11093 MB/s
[    2.808795] raid6: sse2x4   gen() 17561 MB/s
[    2.856118] raid6: sse2x4   xor()  9713 MB/s
[    2.904304] raid6: avx2x1   gen() 19357 MB/s
[    2.952117] raid6: avx2x1   xor() 15860 MB/s
[    3.000390] raid6: avx2x2   gen() 34821 MB/s
[    3.048289] raid6: avx2x2   xor() 21116 MB/s
[    3.096115] raid6: avx2x4   gen() 36110 MB/s
[    3.144076] raid6: avx2x4   xor() 16350 MB/s
[    3.144434] raid6: using algorithm avx2x4 gen() 36110 MB/s
[    3.144824] raid6: .... xor() 16350 MB/s, rmw enabled
[    3.145191] raid6: using avx2x2 recovery algorithm
[    3.146849] xor: automatically using best checksumming function   avx       
[    3.148448] async_tx: api initialized (async)
done.
Begin: Running /scripts/init-premount ... done.
Begin: Mounting root file system ... Begin: Running /scripts/local-top ... done.
Begin: Running /scripts/local-premount ... [    3.183224] Btrfs loaded, crc32c=crc32c-intel
Scanning for Btrfs filesystems
done.
Warning: fsck not present, so skipping root file system
[    3.197320] EXT4-fs (sda1): mounted filesystem with ordered data mode. Opts: (null)
done.
Begin: Running /scripts/local-bottom ... done.
Begin: Running /scripts/init-bottom ... done.
[    3.305578] ip_tables: (C) 2000-2006 Netfilter Core Team
[    3.310763] systemd[1]: systemd 237 running in system mode. (+PAM +AUDIT +SELINUX +IMA +APPARMOR +SMACK +SYSVINIT +UTMP +LIBCRYPTSETUP +GCRYPT +GNUTLS +ACL +XZ +LZ4 +SECCOMP +BLKID +ELFUTILS +KMOD -IDN2 +IDN -PCRE2 default-hierarchy=hybrid)
[    3.312234] systemd[1]: Detected virtualization oracle.
[    3.312772] systemd[1]: Detected architecture x86-64.

Welcome to [1mUbuntu 18.04.6 LTS[0m!

[    3.315848] systemd[1]: Set hostname to <ubuntu>.
[    3.317509] systemd[1]: Initializing machine ID from random generator.
[    3.317998] systemd[1]: Installed transient /etc/machine-id file.
[    3.489600] systemd[1]: Created slice System Slice.
[[0;32m  OK  [0m] Created slice System Slice.
[    3.490555] systemd[1]: Created slice User and Session Slice.
[[0;32m  OK  [0m] Created slice User and Session Slice.
[    3.491337] systemd[1]: Listening on Syslog Socket.
[[0;32m  OK  [0m] Listening on Syslog Socket.
[    3.492057] systemd[1]: Listening on Journal Audit Socket.
[[0;32m  OK  [0m] Listening on Journal Audit Socket.
[[0;32m  OK  [0m] Listening on Device-mapper event daemon FIFOs.
[[0;32m  OK  [0m] Started Forward Password Requests to Wall Directory Watch.
[[0;32m  OK  [0m] Listening on Network Service Netlink Socket.
[[0;32m  OK  [0m] Reached target Swap.
[[0;32m  OK  [0m] Listening on udev Control Socket.
[[0;32m  OK  [0m] Reached target Slices.
[[0;32m  OK  [0m] Set up automount Arbitrary Executabâ€¦rmats File System Automount Point.
[[0;32m  OK  [0m] Reached target System Time Synchronized.
[[0;32m  OK  [0m] Listening on Journal Socket.
         Starting Uncomplicated firewall...
         Starting Create list of required stâ€¦ce nodes for the current kernel...
         Starting Set the console keyboard layout...
         Mounting POSIX Message Queue File System...
[[0;32m  OK  [0m] Listening on fsck to fsckd communication Socket.
         Starting File System Check on Root Device...
[[0;32m  OK  [0m] Reached target User and Group Name Lookups.
[[0;32m  OK  [0m] Listening on LVM2 poll daemon socket.
[[0;32m  OK  [0m] Created slice system-serial\x2dgetty.slice.
         Mounting Kernel Debug File System...
[[0;32m  OK  [0m] Listening on /dev/initctl Compatibility Named Pipe.
         Starting Load Kernel Modules...
[[0;32m  OK  [0m] Listening on LVM2 metadata daemon socket.
         Starting Monitoring of LVM2 mirrorsâ€¦ng dmeventd or progress polling...
[[0;32m  OK  [0m] Listening on Journal Socket (/dev/log).
         Starting Journal Service...
[[0;32m  OK  [0m] Listening on udev Kernel Socket.
         Starting udev Coldplug all Devices...
         Mounting Huge Pages File System...
[[0;32m  OK  [0m] Started Create list of required staâ€¦vice nodes for the current kernel.
[[0;32m  OK  [0m] Started Uncomplicated firewall.
[[0;32m  OK  [0m] Mounted POSIX Message Queue File System.
[[0;32m  OK  [0m] Mounted Kernel Debug File System.
[[0;32m  OK  [0m] Mounted Huge Pages File System.
         Starting Create Static Device Nodes in /dev...
[[0;32m  OK  [0m] Started File System Check Daemon to report status.
[[0;32m  OK  [0m] Started LVM2 metadata daemon.
[    3.559427] Loading iSCSI transport class v2.0-870.
[    3.562773] iscsi: registered transport (tcp)
[[0;32m  OK  [0m] Started Journal Service.
[[0;32m  OK  [0m] Started Create Static Device Nodes in /dev.
[[0;32m  OK  [0m] Started udev Coldplug all Devices.
[[0;32m  OK  [0m] Started File System Check on Root Device.
         Starting Remount Root and Kernel File Systems...
[    3.638994] iscsi: registered transport (iser)
[[0;32m  OK  [0m] Started Load Kernel Modules.
         Mounting FUSE Control File System...
         Mounting Kernel Configuration File System...
         Starting Apply Kernel Variables...
[[0;32m  OK  [0m] Mounted FUSE Control File System.
[[0;32m  OK  [0m] Mounted Kernel Configuration File System.
[[0;32m  OK  [0m] Started Apply Kernel Variables.
[[0;32m  OK  [0m] Started Remount Root and Kernel File Systems.
         Starting udev Kernel Device Manager...
         Starting Load/Save Random Seed...
         Starting Flush Journal to Persistent Storage...
[[0;32m  OK  [0m] Started Monitoring of LVM2 mirrors,â€¦sing dmeventd or progress polling.
[[0;32m  OK  [0m] Started Load/Save Random Seed.
[[0;32m  OK  [0m] Started udev Kernel Device Manager.
[[0;32m  OK  [0m] Started Flush Journal to Persistent Storage.
[[0;32m  OK  [0m] Started Set the console keyboard layout.
[[0;32m  OK  [0m] Started Dispatch Password Requests to Console Directory Watch.
[[0;32m  OK  [0m] Reached target Local Encrypted Volumes.
[[0;32m  OK  [0m] Reached target Local File Systems (Pre).
[[0;32m  OK  [0m] Reached target Local File Systems.
         Starting Create Volatile Files and Directories...
         Starting AppArmor initialization...
         Starting Tell Plymouth To Write Out Runtime Data...
         Starting Commit a transient machine-id on disk...
         Starting Set console font and keymap...
         Starting ebtables ruleset management...
[[0;32m  OK  [0m] Started Tell Plymouth To Write Out Runtime Data.
[[0;32m  OK  [0m] Started Set console font and keymap.
[[0;32m  OK  [0m] Started Commit a transient machine-id on disk.
[[0;32m  OK  [0m] Started Create Volatile Files and Directories.
         Starting Update UTMP about System Boot/Shutdown...
[[0;32m  OK  [0m] Started Update UTMP about System Boot/Shutdown.
[[0;32m  OK  [0m] Started ebtables ruleset management.
[[0;32m  OK  [0m] Found device /dev/ttyS0.
[[0;32m  OK  [0m] Listening on Load/Save RF Kill Switch Status /dev/rfkill Watch.
[[0;32m  OK  [0m] Started AppArmor initialization.
         Starting Initial cloud-init job (pre-networking)...
         Starting Load AppArmor profiles managed internally by snapd...
[[0;32m  OK  [0m] Started Load AppArmor profiles managed internally by snapd.
[    5.480438] cloud-init[571]: Cloud-init v. 21.4-0ubuntu1~18.04.1 running 'init-local' at Mon, 07 Feb 2022 18:49:39 +0000. Up 5.27 seconds.
[[0;32m  OK  [0m] Started Initial cloud-init job (pre-networking).
[[0;32m  OK  [0m] Reached target Network (Pre).
         Starting Network Service...
[[0;32m  OK  [0m] Started Network Service.
         Starting Wait for Network to be Configured...
         Starting Network Name Resolution...
[[0;32m  OK  [0m] Started Network Name Resolution.
[[0;32m  OK  [0m] Reached target Network.
[[0;32m  OK  [0m] Reached target Host and Network Name Lookups.
[[0;32m  OK  [0m] Started Wait for Network to be Configured.
         Starting Initial cloud-init job (metadata service crawler)...
[    7.146332] cloud-init[646]: Cloud-init v. 21.4-0ubuntu1~18.04.1 running 'init' at Mon, 07 Feb 2022 18:49:41 +0000. Up 7.05 seconds.
[    7.146981] cloud-init[646]: ci-info: ++++++++++++++++++++++++++++++++++++++Net device info+++++++++++++++++++++++++++++++++++++++
[    7.148593] cloud-init[646]: ci-info: +--------+-------+----------------------------+---------------+--------+-------------------+
[    7.149933] cloud-init[646]: ci-info: | Device |   Up  |          Address           |      Mask     | Scope  |     Hw-Address    |
[    7.150662] cloud-init[646]: ci-info: +--------+-------+----------------------------+---------------+--------+-------------------+
[    7.151312] cloud-init[646]: ci-info: | enp0s3 |  True |         10.0.2.15          | 255.255.255.0 | global | 02:7d:29:b7:e5:bc |
[    7.152268] cloud-init[646]: ci-info: | enp0s3 |  True | fe80::7d:29ff:feb7:e5bc/64 |       .       |  link  | 02:7d:29:b7:e5:bc |
[    7.153659] cloud-init[646]: ci-info: | enp0s8 | False |             .              |       .       |   .    | 08:00:27:33:70:5b |
[    7.154354] cloud-init[646]: ci-info: |   lo   |  True |         127.0.0.1          |   255.0.0.0   |  host  |         .         |
[    7.155699] cloud-init[646]: ci-info: |   lo   |  True |          ::1/128           |       .       |  host  |         .         |
[    7.156800] cloud-init[646]: ci-info: +--------+-------+----------------------------+---------------+--------+-------------------+
[    7.168206] cloud-init[646]: ci-info: ++++++++++++++++++++++++++++Route IPv4 info+++++++++++++++++++++++++++++
[    7.168732] cloud-init[646]: ci-info: +-------+-------------+----------+-----------------+-----------+-------+
[    7.169256] cloud-init[646]: ci-info: | Route | Destination | Gateway  |     Genmask     | Interface | Flags |
[    7.169817] cloud-init[646]: ci-info: +-------+-------------+----------+-----------------+-----------+-------+
[    7.170386] cloud-init[646]: ci-info: |   0   |   0.0.0.0   | 10.0.2.2 |     0.0.0.0     |   enp0s3  |   UG  |
[    7.170996] cloud-init[646]: ci-info: |   1   |   10.0.2.0  | 0.0.0.0  |  255.255.255.0  |   enp0s3  |   U   |
[    7.172084] cloud-init[646]: ci-info: |   2   |   10.0.2.2  | 0.0.0.0  | 255.255.255.255 |   enp0s3  |   UH  |
[    7.174236] cloud-init[646]: ci-info: +-------+-------------+----------+-----------------+-----------+-------+
[    7.174801] cloud-init[646]: ci-info: +++++++++++++++++++Route IPv6 info+++++++++++++++++++
[    7.175303] cloud-init[646]: ci-info: +-------+-------------+---------+-----------+-------+
[    7.175850] cloud-init[646]: ci-info: | Route | Destination | Gateway | Interface | Flags |
[    7.176478] cloud-init[646]: ci-info: +-------+-------------+---------+-----------+-------+
[    7.178322] cloud-init[646]: ci-info: |   1   |  fe80::/64  |    ::   |   enp0s3  |   U   |
[    7.179588] cloud-init[646]: ci-info: |   3   |    local    |    ::   |   enp0s3  |   U   |
[    7.180376] cloud-init[646]: ci-info: |   4   |   ff00::/8  |    ::   |   enp0s3  |   U   |
[    7.181077] cloud-init[646]: ci-info: +-------+-------------+---------+-----------+-------+
[    7.663524] cloud-init[646]: Generating public/private rsa key pair.
[    7.663916] cloud-init[646]: Your identification has been saved in /etc/ssh/ssh_host_rsa_key.
[    7.664528] cloud-init[646]: Your public key has been saved in /etc/ssh/ssh_host_rsa_key.pub.
[    7.665072] cloud-init[646]: The key fingerprint is:
[    7.665492] cloud-init[646]: SHA256:eGhe2C5HVwXArwjkEd5gpiJG1CSIspvFD1zGgcRFEiw root@ubuntu-bionic
[    7.665964] cloud-init[646]: The key's randomart image is:
[    7.666253] cloud-init[646]: +---[RSA 2048]----+
[    7.666534] cloud-init[646]: |+B*B+.=. ......  |
[    7.668122] cloud-init[646]: |E =o+=oo  .  .   |
[    7.668429] cloud-init[646]: |o*.o.o...  ..    |
[    7.668733] cloud-init[646]: |o.=.  o=   ..    |
[    7.669031] cloud-init[646]: | + o  =.S...     |
[    7.672251] cloud-init[646]: |o   .o =...      |
[    7.672837] cloud-init[646]: |      o o        |
[    7.673118] cloud-init[646]: |       o         |
[    7.673439] cloud-init[646]: |                 |
[    7.673740] cloud-init[646]: +----[SHA256]-----+
[    7.674054] cloud-init[646]: Generating public/private dsa key pair.
[    7.674494] cloud-init[646]: Your identification has been saved in /etc/ssh/ssh_host_dsa_key.
[    7.674896] cloud-init[646]: Your public key has been saved in /etc/ssh/ssh_host_dsa_key.pub.
[    7.675315] cloud-init[646]: The key fingerprint is:
[    7.675624] cloud-init[646]: SHA256:1VRxOgWmBoNK4qPuptHr361FDV82SNrkkYlgrDKm1ao root@ubuntu-bionic
[    7.680319] cloud-init[646]: The key's randomart image is:
[    7.680655] cloud-init[646]: +---[DSA 1024]----+
[    7.680956] cloud-init[646]: |     .o. o*o..=oo|
[    7.681301] cloud-init[646]: |    ..o o*oB o + |
[    7.681690] cloud-init[646]: |   o + .o = B o  |
[    7.682093] cloud-init[646]: |  = = .  = + . . |
[    7.682517] cloud-init[646]: | + = .  S o      |
[    7.682836] cloud-init[646]: |..o    .         |
[    7.683131] cloud-init[646]: |.o.     .        |
[    7.683437] cloud-init[646]: |E.o. . o         |
[    7.683733] cloud-init[646]: |.=+.. o..        |
[    7.688256] cloud-init[646]: +----[SHA256]-----+
[    7.688545] cloud-init[646]: Generating public/private ecdsa key pair.
[    7.688921] cloud-init[646]: Your identification has been saved in /etc/ssh/ssh_host_ecdsa_key.
[    7.689348] cloud-init[646]: Your public key has been saved in /etc/ssh/ssh_host_ecdsa_key.pub.
[    7.689788] cloud-init[646]: The key fingerprint is:
[    7.690096] cloud-init[646]: SHA256:pBKfdMT1txs8E/eViD2uHHBChLpFUY6FM2T8pu35Hpc root@ubuntu-bionic
[    7.690522] cloud-init[646]: The key's randomart image is:
[    7.690828] cloud-init[646]: +---[ECDSA 256]---+
[    7.691127] cloud-init[646]: |      o=B*.      |
[    7.691422] cloud-init[646]: |      .O*  .o . .|
[    7.692067] cloud-init[646]: |    . +.*+ o.+o.o|
[    7.696280] cloud-init[646]: |     = * o+ .o.+o|
[    7.696574] cloud-init[646]: |    . * S  . .* .|
[    7.696858] cloud-init[646]: |     o . .. o .= |
[    7.697128] cloud-init[646]: |        . .+ E.  |
[    7.697395] cloud-init[646]: |         o  o    |
[    7.697663] cloud-init[646]: |          oo     |
[    7.697985] cloud-init[646]: +----[SHA256]-----+
[    7.698322] cloud-init[646]: Generating public/private ed25519 key pair.
[    7.708318] cloud-init[646]: Your identification has been saved in /etc/ssh/ssh_host_ed25519_key.
[    7.708691] cloud-init[646]: Your public key has been saved in /etc/ssh/ssh_host_ed25519_key.pub.
[    7.709116] cloud-init[646]: The key fingerprint is:
[    7.709399] cloud-init[646]: SHA256:gzn25jIJqMKUATbcUU3WOTNp9B7ajigq4lO9djeqcp4 root@ubuntu-bionic
[    7.709852] cloud-init[646]: The key's randomart image is:
[    7.710182] cloud-init[646]: +--[ED25519 256]--+
[    7.712259] cloud-init[646]: |. ..o.ooo.o      |
[    7.712567] cloud-init[646]: |.+ .  .. O.      |
[    7.712861] cloud-init[646]: |o .     . +o     |
[    7.713152] cloud-init[646]: | .     o  + .    |
[    7.713434] cloud-init[646]: |  o.. = S. o     |
[    7.713728] cloud-init[646]: | o...o o..o      |
[    7.714004] cloud-init[646]: |o..  o.oo. .     |
[    7.714304] cloud-init[646]: |++ ..+*+ o       |
[    7.714695] cloud-init[646]: |+.o.=Eo++ .      |
[    7.716165] cloud-init[646]: +----[SHA256]-----+
[[0;32m  OK  [0m] Started Initial cloud-init job (metadata service crawler).
[[0;32m  OK  [0m] Reached target Cloud-config availability.
[[0;32m  OK  [0m] Reached target System Initialization.
[[0;32m  OK  [0m] Started Ubuntu Advantage Timer for running repeated jobs.
[[0;32m  OK  [0m] Listening on D-Bus System Message Bus Socket.
         Starting Socket activation for snappy daemon.
[[0;32m  OK  [0m] Started Trigger to poll for Ubuntu â€¦(Only enabled on GCP LTS non-pro).
[[0;32m  OK  [0m] Started Daily apt download activities.
[[0;32m  OK  [0m] Listening on UUID daemon activation socket.
         Starting LXD - unix socket.
[[0;32m  OK  [0m] Listening on Open-iSCSI iscsid Socket.
[[0;32m  OK  [0m] Started Daily Cleanup of Temporary Directories.
[[0;32m  OK  [0m] Started ACPI Events Check.
[[0;32m  OK  [0m] Reached target Paths.
[[0;32m  OK  [0m] Started Discard unused blocks once a week.
[[0;32m  OK  [0m] Started Daily apt upgrade and clean activities.
[[0;32m  OK  [0m] Started Message of the Day.
[[0;32m  OK  [0m] Reached target Timers.
[[0;32m  OK  [0m] Listening on ACPID Listen Socket.
[[0;32m  OK  [0m] Listening on cloud-init hotplug hook socket.
[[0;32m  OK  [0m] Reached target Network is Online.
[[0;32m  OK  [0m] Reached target Remote File Systems (Pre).
[[0;32m  OK  [0m] Reached target Remote File Systems.
         Starting Availability of block devices...
[[0;32m  OK  [0m] Listening on Socket activation for snappy daemon.
[[0;32m  OK  [0m] Listening on LXD - unix socket.
[[0;32m  OK  [0m] Reached target Sockets.
[[0;32m  OK  [0m] Reached target Basic System.
         Starting LSB: automatic crash report generation...
         Starting System Logging Service...
[[0;32m  OK  [0m] Started irqbalance daemon.
         Starting Pollinate to seed the pseudo random number generator...
         Starting Virtualbox guest utils...
         Starting Dispatcher daemon for systemd-networkd...
[[0;32m  OK  [0m] Started FUSE filesystem for LXC.
         Starting Login Service...
[[0;32m  OK  [0m] Started Deferred execution scheduler.
         Starting Accounts Service...
         Starting LXD - container startup/shutdown...
         Starting LSB: Record successful boot for GRUB...
[[0;32m  OK  [0m] Started D-Bus System Message Bus.
[[0;32m  OK  [0m] Started Regular background program processing daemon.
         Starting Permit User Sessions...
         Starting Snap Daemon...
[[0;32m  OK  [0m] Started System Logging Service.
[[0;32m  OK  [0m] Started Availability of block devices.
[[0;32m  OK  [0m] Started LXD - container startup/shutdown.
[[0;32m  OK  [0m] Started Login Service.
[[0;32m  OK  [0m] Started Permit User Sessions.
         Starting Terminate Plymouth Boot Screen...
         Starting Hold until boot process finishes up...
         Starting Authorization Manager...
[[0;32m  OK  [0m] Started Unattended Upgrades Shutdown.
[[0;32m  OK  [0m] Started Hold until boot process finishes up.
[[0;32m  OK  [0m] Started Serial Getty on ttyS0.
         Starting Set console scheme...
[[0;32m  OK  [0m] Started Terminate Plymouth Boot Screen.
[[0;32m  OK  [0m] Started Set console scheme.
[[0;32m  OK  [0m] Created slice system-getty.slice.
[[0;32m  OK  [0m] Started Getty on tty1.
[[0;32m  OK  [0m] Reached target Login Prompts.
[[0;32m  OK  [0m] Started LSB: automatic crash report generation.
[[0;32m  OK  [0m] Started LSB: Record successful boot for GRUB.
[[0;32m  OK  [0m] Started Authorization Manager.
[[0;32m  OK  [0m] Started Accounts Service.
[[0;32m  OK  [0m] Started Dispatcher daemon for systemd-networkd.
[[0;32m  OK  [0m] Started Virtualbox guest utils.
[[0;32m  OK  [0m] Started Snap Daemon.
         Starting Wait until snapd is fully seeded...
[[0;32m  OK  [0m] Started Pollinate to seed the pseudo random number generator.
         Starting OpenBSD Secure Shell server...
[[0;32m  OK  [0m] Started OpenBSD Secure Shell server.
[[0;32m  OK  [0m] Started Wait until snapd is fully seeded.
         Starting Apply the settings specified in cloud-config...
[[0;32m  OK  [0m] Reached target Multi-User System.
[[0;32m  OK  [0m] Reached target Graphical Interface.
         Starting Update UTMP about System Runlevel Changes...
[[0;32m  OK  [0m] Started Update UTMP about System Runlevel Changes.
[   10.193181] cloud-init[1049]: Cloud-init v. 21.4-0ubuntu1~18.04.1 running 'modules:config' at Mon, 07 Feb 2022 18:49:43 +0000. Up 9.92 seconds.
[[0;32m  OK  [0m] Started Apply the settings specified in cloud-config.
         Starting Execute cloud user/final scripts...
ci-info: no authorized SSH keys fingerprints found for user ubuntu.
<14>Feb  7 18:49:44 cloud-init: #############################################################
<14>Feb  7 18:49:44 cloud-init: -----BEGIN SSH HOST KEY FINGERPRINTS-----
<14>Feb  7 18:49:44 cloud-init: 1024 SHA256:1VRxOgWmBoNK4qPuptHr361FDV82SNrkkYlgrDKm1ao root@ubuntu-bionic (DSA)
<14>Feb  7 18:49:44 cloud-init: 256 SHA256:pBKfdMT1txs8E/eViD2uHHBChLpFUY6FM2T8pu35Hpc root@ubuntu-bionic (ECDSA)
<14>Feb  7 18:49:44 cloud-init: 256 SHA256:gzn25jIJqMKUATbcUU3WOTNp9B7ajigq4lO9djeqcp4 root@ubuntu-bionic (ED25519)
<14>Feb  7 18:49:44 cloud-init: 2048 SHA256:eGhe2C5HVwXArwjkEd5gpiJG1CSIspvFD1zGgcRFEiw root@ubuntu-bionic (RSA)
<14>Feb  7 18:49:44 cloud-init: -----END SSH HOST KEY FINGERPRINTS-----
<14>Feb  7 18:49:44 cloud-init: #############################################################
-----BEGIN SSH HOST KEY KEYS-----
ecdsa-sha2-nistp256 AAAAE2VjZHNhLXNoYTItbmlzdHAyNTYAAAAIbmlzdHAyNTYAAABBBO0+vJlyx7j9Dc9adoBobM+m1X/DhKqvBhjGDGzOqvl8f8KDWRYjs12f5wC8Apr0crYfwasKhS0stNHqdr2w3Cw= root@ubuntu-bionic
ssh-ed25519 AAAAC3NzaC1lZDI1NTE5AAAAINvzZAoFtxYpp4D8g1i1T3Gid4YbO8Ag2OuuSdG4Vl+1 root@ubuntu-bionic
ssh-rsa AAAAB3NzaC1yc2EAAAADAQABAAABAQDMMF/uMtH+C7WHoHBwSOmOs1JdAAn9xwld8tHJZoZQgXIPV0rU78FoEu9n0E/KfqfOVxT1fpMLfWQgnnBXs4hrjFDGsKR5BvadP4ogwa121mBTLpqPAfnbVUSlShzCgECA4D9FaA4c8Cu5FqhKV75Of7q0FuIzONNVGyxFniRFd6iQnsTyfHi6tTQWPxfK30+lV56CBD4U39clEVdtYy5vaEqTHHMZwqGfh4+LgsIN5XVxLTl3b69G9enmwNNm5CGyltMD2InSgF/ZoS6kAqAlOOHRYufwFzyNpPoUFQR7+cp7koAsAPULOW1Hs5nteqUno+TyzVegcL1mymtqTGxR root@ubuntu-bionic
-----END SSH HOST KEY KEYS-----
[   10.582294] cloud-init[1090]: Cloud-init v. 21.4-0ubuntu1~18.04.1 running 'modules:final' at Mon, 07 Feb 2022 18:49:44 +0000. Up 10.48 seconds.
[   10.582792] cloud-init[1090]: ci-info: no authorized SSH keys fingerprints found for user ubuntu.
[   10.583162] cloud-init[1090]: Cloud-init v. 21.4-0ubuntu1~18.04.1 finished at Mon, 07 Feb 2022 18:49:44 +0000. Datasource DataSourceNoCloud [seed=/dev/sdb][dsmode=net].  Up 10.57 seconds
[[0;32m  OK  [0m] Started Execute cloud user/final scripts.
[[0;32m  OK  [0m] Reached target Cloud-init target.

Ubuntu 18.04.6 LTS ubuntu-bionic ttyS0

ubuntu-bionic login:                                                                  